13:08:18 **** Incremental Build of configuration Debug for project LDR_WITH_LCD ****
make -j12 all 
arm-none-eabi-gcc "../Core/Src/main.c" -mcpu=cortex-m4 -std=gnu11 -g3 -DDEBUG -DUSE_HAL_DRIVER -DSTM32F407xx -c -I../Core/Inc -I../Drivers/STM32F4xx_HAL_Driver/Inc -I../Drivers/STM32F4xx_HAL_Driver/Inc/Legacy -I../Drivers/CMSIS/Device/ST/STM32F4xx/Include -I../Drivers/CMSIS/Include -O0 -ffunction-sections -fdata-sections -Wall -fstack-usage -fcyclomatic-complexity -MMD -MP -MF"Core/Src/main.d" -MT"Core/Src/main.o" --specs=nano.specs -mfpu=fpv4-sp-d16 -mfloat-abi=hard -mthumb -o "Core/Src/main.o"
../Core/Src/main.c: In function 'main':
../Core/Src/main.c:131:33: warning: implicit declaration of function 'sprintf' [-Wimplicit-function-declaration]
  131 |                                 sprintf(str , "Temperature:%d\r\n",val);
      |                                 ^~~~~~~
../Core/Src/main.c:22:1: note: include '<stdio.h>' or provide a declaration of 'sprintf'
   21 | #include "my_lcd.h"
  +++ |+#include <stdio.h>
   22 | /* Private includes ----------------------------------------------------------*/
../Core/Src/main.c:131:33: warning: incompatible implicit declaration of built-in function 'sprintf' [-Wbuiltin-declaration-mismatch]
  131 |                                 sprintf(str , "Temperature:%d\r\n",val);
      |                                 ^~~~~~~
../Core/Src/main.c:131:33: note: include '<stdio.h>' or provide a declaration of 'sprintf'
../Core/Src/main.c:136:78: warning: implicit declaration of function 'strlen' [-Wimplicit-function-declaration]
  136 |                                   HAL_UART_Transmit(&huart2, (uint8_t *)str, strlen(str), HAL_MAX_DELAY);
      |                                                                              ^~~~~~
../Core/Src/main.c:22:1: note: include '<string.h>' or provide a declaration of 'strlen'
   21 | #include "my_lcd.h"
  +++ |+#include <string.h>
   22 | /* Private includes ----------------------------------------------------------*/
../Core/Src/main.c:136:78: warning: incompatible implicit declaration of built-in function 'strlen' [-Wbuiltin-declaration-mismatch]
  136 |                                   HAL_UART_Transmit(&huart2, (uint8_t *)str, strlen(str), HAL_MAX_DELAY);
      |                                                                              ^~~~~~
../Core/Src/main.c:136:78: note: include '<string.h>' or provide a declaration of 'strlen'
arm-none-eabi-gcc -o "LDR_WITH_LCD.elf" @"objects.list"   -mcpu=cortex-m4 -T"C:\Users\nitin\Desktop\ARM_internship\Arm_94213_pranalibhagwat\LDR_PROGRAM\LDR_WITH_LCD\STM32F407VGTX_FLASH.ld" --specs=nosys.specs -Wl,-Map="LDR_WITH_LCD.map" -Wl,--gc-sections -static --specs=nano.specs -mfpu=fpv4-sp-d16 -mfloat-abi=hard -mthumb -Wl,--start-group -lc -lm -Wl,--end-group
Finished building target: LDR_WITH_LCD.elf
 
arm-none-eabi-size  LDR_WITH_LCD.elf 
arm-none-eabi-objdump -h -S LDR_WITH_LCD.elf  > "LDR_WITH_LCD.list"
   text	   data	    bss	    dec	    hex	filename
  17064	     92	   2140	  19296	   4b60	LDR_WITH_LCD.elf
Finished building: default.size.stdout
 
Finished building: LDR_WITH_LCD.list
 
13:08:23 **** Incremental Build of configuration Debug for project LDR_WITH_LCD ****
make -j12 all 
arm-none-eabi-size  LDR_WITH_LCD.elf 
   text	   data	    bss	    dec	    hex	filename
  17064	     92	   2140	  19296	   4b60	LDR_WITH_LCD.elf
Finished building: default.size.stdout
 
13:08:41 **** Incremental Build of configuration Debug for project LDR_WITH_LCD ****
make -j12 all 
arm-none-eabi-size  LDR_WITH_LCD.elf 
   text	   data	    bss	    dec	    hex	filename
  17064	     92	   2140	  19296	   4b60	LDR_WITH_LCD.elf
Finished building: default.size.stdout
 
13:08:56 **** Incremental Build of configuration Debug for project LDR_WITH_LCD ****
make -j12 all 
arm-none-eabi-size  LDR_WITH_LCD.elf 
   text	   data	    bss	    dec	    hex	filename
  17064	     92	   2140	  19296	   4b60	LDR_WITH_LCD.elf
Finished building: default.size.stdout
 
13:09:17 **** Incremental Build of configuration Debug for project LDR_WITH_LCD ****
make -j12 all 
arm-none-eabi-gcc "../Core/Src/main.c" -mcpu=cortex-m4 -std=gnu11 -g3 -DDEBUG -DUSE_HAL_DRIVER -DSTM32F407xx -c -I../Core/Inc -I../Drivers/STM32F4xx_HAL_Driver/Inc -I../Drivers/STM32F4xx_HAL_Driver/Inc/Legacy -I../Drivers/CMSIS/Device/ST/STM32F4xx/Include -I../Drivers/CMSIS/Include -O0 -ffunction-sections -fdata-sections -Wall -fstack-usage -fcyclomatic-complexity -MMD -MP -MF"Core/Src/main.d" -MT"Core/Src/main.o" --specs=nano.specs -mfpu=fpv4-sp-d16 -mfloat-abi=hard -mthumb -o "Core/Src/main.o"
../Core/Src/main.c: In function 'main':
../Core/Src/main.c:131:33: warning: implicit declaration of function 'sprintf' [-Wimplicit-function-declaration]
  131 |                                 sprintf(str , "Temperature:%d \r\n",val);
      |                                 ^~~~~~~
../Core/Src/main.c:22:1: note: include '<stdio.h>' or provide a declaration of 'sprintf'
   21 | #include "my_lcd.h"
  +++ |+#include <stdio.h>
   22 | /* Private includes ----------------------------------------------------------*/
../Core/Src/main.c:131:33: warning: incompatible implicit declaration of built-in function 'sprintf' [-Wbuiltin-declaration-mismatch]
  131 |                                 sprintf(str , "Temperature:%d \r\n",val);
      |                                 ^~~~~~~
../Core/Src/main.c:131:33: note: include '<stdio.h>' or provide a declaration of 'sprintf'
../Core/Src/main.c:136:78: warning: implicit declaration of function 'strlen' [-Wimplicit-function-declaration]
  136 |                                   HAL_UART_Transmit(&huart2, (uint8_t *)str, strlen(str), HAL_MAX_DELAY);
      |                                                                              ^~~~~~
../Core/Src/main.c:22:1: note: include '<string.h>' or provide a declaration of 'strlen'
   21 | #include "my_lcd.h"
  +++ |+#include <string.h>
   22 | /* Private includes ----------------------------------------------------------*/
../Core/Src/main.c:136:78: warning: incompatible implicit declaration of built-in function 'strlen' [-Wbuiltin-declaration-mismatch]
  136 |                                   HAL_UART_Transmit(&huart2, (uint8_t *)str, strlen(str), HAL_MAX_DELAY);
      |                                                                              ^~~~~~
../Core/Src/main.c:136:78: note: include '<string.h>' or provide a declaration of 'strlen'
arm-none-eabi-gcc -o "LDR_WITH_LCD.elf" @"objects.list"   -mcpu=cortex-m4 -T"C:\Users\nitin\Desktop\ARM_internship\Arm_94213_pranalibhagwat\LDR_PROGRAM\LDR_WITH_LCD\STM32F407VGTX_FLASH.ld" --specs=nosys.specs -Wl,-Map="LDR_WITH_LCD.map" -Wl,--gc-sections -static --specs=nano.specs -mfpu=fpv4-sp-d16 -mfloat-abi=hard -mthumb -Wl,--start-group -lc -lm -Wl,--end-group
Finished building target: LDR_WITH_LCD.elf
 
arm-none-eabi-size  LDR_WITH_LCD.elf 
arm-none-eabi-objdump -h -S LDR_WITH_LCD.elf  > "LDR_WITH_LCD.list"
   text	   data	    bss	    dec	    hex	filename
  17064	     92	   2140	  19296	   4b60	LDR_WITH_LCD.elf
Finished building: default.size.stdout
 
Finished building: LDR_WITH_LCD.list
 
13:09:38 **** Incremental Build of configuration Debug for project LDR_WITH_LCD ****
make -j12 all 
arm-none-eabi-size  LDR_WITH_LCD.elf 
   text	   data	    bss	    dec	    hex	filename
  17064	     92	   2140	  19296	   4b60	LDR_WITH_LCD.elf
Finished building: default.size.stdout
 
