10:42:32 **** Incremental Build of configuration Debug for project HAL_SWITCH_DEMO ****
make -j12 all 
arm-none-eabi-gcc "../Core/Src/main.c" -mcpu=cortex-m4 -std=gnu11 -g3 -DDEBUG -DUSE_HAL_DRIVER -DSTM32F407xx -c -I../Core/Inc -I../Drivers/STM32F4xx_HAL_Driver/Inc -I../Drivers/STM32F4xx_HAL_Driver/Inc/Legacy -I../Drivers/CMSIS/Device/ST/STM32F4xx/Include -I../Drivers/CMSIS/Include -O0 -ffunction-sections -fdata-sections -Wall -fstack-usage -fcyclomatic-complexity -MMD -MP -MF"Core/Src/main.d" -MT"Core/Src/main.o" --specs=nano.specs -mfpu=fpv4-sp-d16 -mfloat-abi=hard -mthumb -o "Core/Src/main.o"
arm-none-eabi-gcc -o "HAL_SWITCH_DEMO.elf" @"objects.list"   -mcpu=cortex-m4 -T"C:\Users\nitin\Desktop\ARM_internship\Arm_94213_pranalibhagwat\Demo_HAL_EXTI_INTERUPT\HAL_SWITCH_DEMO\STM32F407VGTX_FLASH.ld" --specs=nosys.specs -Wl,-Map="HAL_SWITCH_DEMO.map" -Wl,--gc-sections -static --specs=nano.specs -mfpu=fpv4-sp-d16 -mfloat-abi=hard -mthumb -Wl,--start-group -lc -lm -Wl,--end-group
Finished building target: HAL_SWITCH_DEMO.elf
 
arm-none-eabi-size  HAL_SWITCH_DEMO.elf 
arm-none-eabi-objdump -h -S HAL_SWITCH_DEMO.elf  > "HAL_SWITCH_DEMO.list"
   text	   data	    bss	    dec	    hex	filename
   6112	     12	   1572	   7696	   1e10	HAL_SWITCH_DEMO.elf
Finished building: default.size.stdout
 
Finished building: HAL_SWITCH_DEMO.list
 
10:43:33 **** Incremental Build of configuration Debug for project HAL_SWITCH_DEMO ****
make -j12 all 
arm-none-eabi-size  HAL_SWITCH_DEMO.elf 
   text	   data	    bss	    dec	    hex	filename
   6112	     12	   1572	   7696	   1e10	HAL_SWITCH_DEMO.elf
Finished building: default.size.stdout
 
