10:47:25 **** Incremental Build of configuration Debug for project QUESTION1 ****
make -j12 all 
arm-none-eabi-gcc "../Core/Src/main.c" -mcpu=cortex-m4 -std=gnu11 -g3 -DDEBUG -DUSE_HAL_DRIVER -DSTM32F407xx -c -I../Core/Inc -I../Drivers/STM32F4xx_HAL_Driver/Inc -I../Drivers/STM32F4xx_HAL_Driver/Inc/Legacy -I../Drivers/CMSIS/Device/ST/STM32F4xx/Include -I../Drivers/CMSIS/Include -O0 -ffunction-sections -fdata-sections -Wall -fstack-usage -fcyclomatic-complexity -MMD -MP -MF"Core/Src/main.d" -MT"Core/Src/main.o" --specs=nano.specs -mfpu=fpv4-sp-d16 -mfloat-abi=hard -mthumb -o "Core/Src/main.o"
arm-none-eabi-gcc -o "QUESTION1.elf" @"objects.list"   -mcpu=cortex-m4 -T"C:\Users\nitin\Desktop\ARM_internship\Arm_94213_pranalibhagwat\Assignment_07\QUESTION1\STM32F407VGTX_FLASH.ld" --specs=nosys.specs -Wl,-Map="QUESTION1.map" -Wl,--gc-sections -static --specs=nano.specs -mfpu=fpv4-sp-d16 -mfloat-abi=hard -mthumb -Wl,--start-group -lc -lm -Wl,--end-group
Finished building target: QUESTION1.elf
 
arm-none-eabi-size  QUESTION1.elf 
arm-none-eabi-objdump -h -S QUESTION1.elf  > "QUESTION1.list"
   text	   data	    bss	    dec	    hex	filename
   9724	     12	   1660	  11396	   2c84	QUESTION1.elf
Finished building: default.size.stdout
 
Finished building: QUESTION1.list
 

10:47:27 Build Finished. 0 errors, 0 warnings. (took 2s.208ms)

