10:14:26 **** Incremental Build of configuration Debug for project QUESTION2 ****
make -j12 all 
arm-none-eabi-gcc "../Core/Src/main.c" -mcpu=cortex-m4 -std=gnu11 -g3 -DDEBUG -DUSE_HAL_DRIVER -DSTM32F407xx -c -I../Core/Inc -I../Drivers/STM32F4xx_HAL_Driver/Inc -I../Drivers/STM32F4xx_HAL_Driver/Inc/Legacy -I../Drivers/CMSIS/Device/ST/STM32F4xx/Include -I../Drivers/CMSIS/Include -O0 -ffunction-sections -fdata-sections -Wall -fstack-usage -fcyclomatic-complexity -MMD -MP -MF"Core/Src/main.d" -MT"Core/Src/main.o" --specs=nano.specs -mfpu=fpv4-sp-d16 -mfloat-abi=hard -mthumb -o "Core/Src/main.o"
arm-none-eabi-gcc -o "QUESTION2.elf" @"objects.list"   -mcpu=cortex-m4 -T"C:\Users\nitin\Desktop\ARM_internship\Arm_94213_pranalibhagwat\DAY8\Assignment6\QUESTION2\STM32F407VGTX_FLASH.ld" --specs=nosys.specs -Wl,-Map="QUESTION2.map" -Wl,--gc-sections -static --specs=nano.specs -mfpu=fpv4-sp-d16 -mfloat-abi=hard -mthumb -Wl,--start-group -lc -lm -Wl,--end-group
Finished building target: QUESTION2.elf
 
arm-none-eabi-size  QUESTION2.elf 
arm-none-eabi-objdump -h -S QUESTION2.elf  > "QUESTION2.list"
   text	   data	    bss	    dec	    hex	filename
   8936	     12	   1748	  10696	   29c8	QUESTION2.elf
Finished building: default.size.stdout
 
Finished building: QUESTION2.list
 
10:14:45 **** Incremental Build of configuration Debug for project QUESTION2 ****
make -j12 all 
arm-none-eabi-size  QUESTION2.elf 
   text	   data	    bss	    dec	    hex	filename
   8936	     12	   1748	  10696	   29c8	QUESTION2.elf
Finished building: default.size.stdout
 
