10:53:45 **** Incremental Build of configuration Debug for project USART2_BUZZER ****
make -j12 all 
arm-none-eabi-gcc "../Core/Src/main.c" -mcpu=cortex-m4 -std=gnu11 -g3 -DDEBUG -DUSE_HAL_DRIVER -DSTM32F407xx -c -I../Core/Inc -I../Drivers/STM32F4xx_HAL_Driver/Inc -I../Drivers/STM32F4xx_HAL_Driver/Inc/Legacy -I../Drivers/CMSIS/Device/ST/STM32F4xx/Include -I../Drivers/CMSIS/Include -O0 -ffunction-sections -fdata-sections -Wall -fstack-usage -fcyclomatic-complexity -MMD -MP -MF"Core/Src/main.d" -MT"Core/Src/main.o" --specs=nano.specs -mfpu=fpv4-sp-d16 -mfloat-abi=hard -mthumb -o "Core/Src/main.o"
arm-none-eabi-gcc -o "USART2_BUZZER.elf" @"objects.list"   -mcpu=cortex-m4 -T"C:\Users\nitin\Desktop\ARM_internship\Arm_94213_pranalibhagwat\HAL_BUZZER\USART2_BUZZER\STM32F407VGTX_FLASH.ld" --specs=nosys.specs -Wl,-Map="USART2_BUZZER.map" -Wl,--gc-sections -static --specs=nano.specs -mfpu=fpv4-sp-d16 -mfloat-abi=hard -mthumb -Wl,--start-group -lc -lm -Wl,--end-group
Finished building target: USART2_BUZZER.elf
 
arm-none-eabi-size  USART2_BUZZER.elf 
arm-none-eabi-objdump -h -S USART2_BUZZER.elf  > "USART2_BUZZER.list"
   text	   data	    bss	    dec	    hex	filename
   8892	     12	   1748	  10652	   299c	USART2_BUZZER.elf
Finished building: default.size.stdout
 
Finished building: USART2_BUZZER.list
 
10:54:05 **** Incremental Build of configuration Debug for project USART2_BUZZER ****
make -j12 all 
arm-none-eabi-size  USART2_BUZZER.elf 
   text	   data	    bss	    dec	    hex	filename
   8892	     12	   1748	  10652	   299c	USART2_BUZZER.elf
Finished building: default.size.stdout
 
